Exceptions.DiscountNotFoundException: Discount{name='', discountType=FIXED_DISCOUNT, value=30.0, lastDateApplied=null} not found.
	at Main_Logic.Store.applyDiscount(Store.java:588)
	at Commands.ApplyDiscount.execute(ApplyDiscount.java:29)
	at Main_Logic.Application.executeCommands(Application.java:119)
	at Main_Logic.Application.main(Application.java:89)
Exceptions.DiscountNotFoundException: Discount{name='', discountType=PERCENTAGE_DISCOUNT, value=20.0, lastDateApplied=null} not found.
	at Main_Logic.Store.applyDiscount(Store.java:588)
	at Commands.ApplyDiscount.execute(ApplyDiscount.java:25)
	at Main_Logic.Application.executeCommands(Application.java:119)
	at Main_Logic.Application.main(Application.java:89)
